Info[0] = Async method 'System.Threading.Tasks.Task BrokenScenarios::Issue7()' cannot be modified by Usable.
