.class public auto ansi beforefieldinit MultipleReturns
       extends [mscorlib]System.Object
{
  .method public hidebysig instance void 
          Conditional(bool x) cil managed
  {
    // Code size       74 (0x4a)
    .maxstack  2
    .locals init ([0] class [mscorlib]System.IO.StreamWriter w,
             [1] class [mscorlib]System.IO.StreamWriter V_1)
    .language '{3F5162F8-07C6-11D3-9053-00C04FA302A1}', '{994B45C4-E6E9-11D2-903F-00C04FA302A1}', '{5A869D0B-6611-11D3-BD2A-0000F80849BD}'
    .line 8,8 : 9,15 'AssemblyToProcess\\MultipleReturns.cs'
    IL_0000:  ldarg.1
    IL_0001:  brfalse.s  IL_0026
    .line 10,10 : 13,48 ''
    IL_0003:  ldstr      "log.txt"
    IL_0008:  call       class [mscorlib]System.IO.StreamWriter [mscorlib]System.IO.File::CreateText(string)
    IL_000d:  stloc.0
    .line 11,11 : 13,57 ''
    .try
    {
      IL_000e:  ldloc.0
      IL_000f:  ldstr      "I'm a lumberjack an' I'm ok."
      IL_0014:  callvirt   instance void [mscorlib]System.IO.TextWriter::WriteLine(string)
      IL_0019:  leave.s    IL_0049
    }  // end .try
    finally
    {
      IL_001b:  ldloc.0
      IL_001c:  brfalse.s  IL_0024
      IL_001e:  ldloc.0
      IL_001f:  callvirt   instance void [mscorlib]System.IDisposable::Dispose()
      IL_0024:  endfinally
    }  // end handler
    IL_0025:  nop
    .line 15,15 : 13,49 ''
    IL_0026:  ldstr      "log2.txt"
    IL_002b:  call       class [mscorlib]System.IO.StreamWriter [mscorlib]System.IO.File::CreateText(string)
    IL_0030:  stloc.1
    .line 16,16 : 13,59 ''
    .try
    {
      IL_0031:  ldloc.1
      IL_0032:  ldstr      "He's a lumberjack an' He's ok."
      IL_0037:  callvirt   instance void [mscorlib]System.IO.TextWriter::WriteLine(string)
      IL_003c:  leave.s    IL_0048
    }  // end .try
    finally
    {
      IL_003e:  ldloc.1
      IL_003f:  brfalse.s  IL_0047
      IL_0041:  ldloc.1
      IL_0042:  callvirt   instance void [mscorlib]System.IDisposable::Dispose()
      IL_0047:  endfinally
    }  // end handler
    IL_0048:  nop
    .line 18,18 : 5,6 ''
    IL_0049:  ret
  } // end of method MultipleReturns::Conditional
} // end of class MultipleReturns