.class public auto ansi beforefieldinit MultipleReturns
       extends [mscorlib]System.Object
{
  .method public hidebysig instance void 
          EarlyReturn() cil managed
  {
    // Code size       41 (0x29)
    .maxstack  2
    .locals init ([0] class [mscorlib]System.IO.StreamWriter w)
    .language '{3F5162F8-07C6-11D3-9053-00C04FA302A1}', '{994B45C4-E6E9-11D2-903F-00C04FA302A1}', '{5A869D0B-6611-11D3-BD2A-0000F80849BD}'
    .line 22,22 : 9,44 'AssemblyToProcess\\MultipleReturns.cs'
    IL_0000:  ldstr      "log.txt"
    IL_0005:  call       class [mscorlib]System.IO.StreamWriter [mscorlib]System.IO.File::CreateText(string)
    IL_000a:  stloc.0
    .line 24,24 : 9,23 ''
    .try
    {
      IL_000b:  ldloc.0
      IL_000c:  brtrue.s   IL_0010
      IL_000e:  leave.s    IL_0028
      .line 27,27 : 9,53 ''
      IL_0010:  ldloc.0
      IL_0011:  ldstr      "I'm a lumberjack an' I'm ok."
      IL_0016:  callvirt   instance void [mscorlib]System.IO.TextWriter::WriteLine(string)
      IL_001b:  leave.s    IL_0027
    }  // end .try
    finally
    {
      IL_001d:  ldloc.0
      IL_001e:  brfalse.s  IL_0026
      IL_0020:  ldloc.0
      IL_0021:  callvirt   instance void [mscorlib]System.IDisposable::Dispose()
      IL_0026:  endfinally
    }  // end handler
    IL_0027:  nop
    .line 28,28 : 5,6 ''
    IL_0028:  ret
  } // end of method MultipleReturns::EarlyReturn
} // end of class MultipleReturns