.class public auto ansi beforefieldinit MultipleReturns
       extends [mscorlib]System.Object
{
  .method public hidebysig instance void 
          EarlyReturn() cil managed
  {
    // Code size       51 (0x33)
    .maxstack  2
    .locals init ([0] class [mscorlib]System.IO.StreamWriter w,
             [1] bool CS$4$0000)
    .language '{3F5162F8-07C6-11D3-9053-00C04FA302A1}', '{994B45C4-E6E9-11D2-903F-00C04FA302A1}', '{5A869D0B-6611-11D3-BD2A-0000F80849BD}'
    .line 21,21 : 5,6 'AssemblyToProcess\\MultipleReturns.cs'
    IL_0000:  nop
    .line 22,22 : 9,44 ''
    IL_0001:  ldstr      "log.txt"
    IL_0006:  call       class [mscorlib]System.IO.StreamWriter [mscorlib]System.IO.File::CreateText(string)
    IL_000b:  stloc.0
    .line 24,24 : 9,23 ''
    .try
    {
      IL_000c:  ldloc.0
      IL_000d:  ldnull
      IL_000e:  ceq
      IL_0010:  ldc.i4.0
      IL_0011:  ceq
      IL_0013:  stloc.1
      .line 16707566,16707566 : 0,0 ''
      IL_0014:  ldloc.1
      IL_0015:  brtrue.s   IL_0019
      IL_0017:  leave.s    IL_0032
      .line 27,27 : 9,53 ''
      IL_0019:  ldloc.0
      IL_001a:  ldstr      "I'm a lumberjack an' I'm ok."
      IL_001f:  callvirt   instance void [mscorlib]System.IO.TextWriter::WriteLine(string)
      IL_0024:  leave.s    IL_0030
    }  // end .try
    finally
    {
      IL_0026:  ldloc.0
      IL_0027:  brfalse.s  IL_002f
      IL_0029:  ldloc.0
      IL_002a:  callvirt   instance void [mscorlib]System.IDisposable::Dispose()
      IL_002f:  endfinally
    }  // end handler
    IL_0030:  nop
    IL_0031:  nop
    .line 28,28 : 5,6 ''
    IL_0032:  ret
  } // end of method MultipleReturns::EarlyReturn
} // end of class MultipleReturns