.class public auto ansi beforefieldinit NotHandled
       extends [mscorlib]System.Object
{
  .method public hidebysig instance class Disposable 
          ReturnLocalDisposable() cil managed
  {
    // Code size       14 (0xe)
    .maxstack  1
    .locals init ([0] class Disposable 'instance')
    .language '{3F5162F8-07C6-11D3-9053-00C04FA302A1}', '{994B45C4-E6E9-11D2-903F-00C04FA302A1}', '{5A869D0B-6611-11D3-BD2A-0000F80849BD}'
    .line 7,7 : 9,41 'AssemblyToProcess\\NotHandled.cs'
    IL_0000:  newobj     instance void Disposable::.ctor()
    IL_0005:  stloc.0
    .line 8,8 : 9,32 ''
    IL_0006:  ldloc.0
    IL_0007:  callvirt   instance void Disposable::DoSomething()
    .line 9,9 : 9,25 ''
    IL_000c:  ldloc.0
    IL_000d:  ret
  } // end of method NotHandled::ReturnLocalDisposable
} // end of class NotHandled