.class public auto ansi beforefieldinit NotHandled
       extends [mscorlib]System.Object
{
  .method public hidebysig instance class Disposable 
          ReturnLocalDisposable() cil managed
  {
    // Code size       20 (0x14)
    .maxstack  1
    .locals init ([0] class Disposable 'instance',
             [1] class Disposable CS$1$0000)
    .language '{3F5162F8-07C6-11D3-9053-00C04FA302A1}', '{994B45C4-E6E9-11D2-903F-00C04FA302A1}', '{5A869D0B-6611-11D3-BD2A-0000F80849BD}'
    .line 6,6 : 5,6 'AssemblyToProcess\\NotHandled.cs'
    IL_0000:  nop
    .line 7,7 : 9,41 ''
    IL_0001:  newobj     instance void Disposable::.ctor()
    IL_0006:  stloc.0
    .line 8,8 : 9,32 ''
    IL_0007:  ldloc.0
    IL_0008:  callvirt   instance void Disposable::DoSomething()
    IL_000d:  nop
    .line 9,9 : 9,25 ''
    IL_000e:  ldloc.0
    IL_000f:  stloc.1
    IL_0010:  br.s       IL_0012
    .line 10,10 : 5,6 ''
    IL_0012:  ldloc.1
    IL_0013:  ret
  } // end of method NotHandled::ReturnLocalDisposable
} // end of class NotHandled