.class public auto ansi beforefieldinit NotHandled
       extends [mscorlib]System.Object
{
  .method public hidebysig instance void 
          UsingArray() cil managed
  {
    // Code size       10 (0xa)
    .maxstack  1
    .locals init ([0] class Disposable[] a)
    .language '{3F5162F8-07C6-11D3-9053-00C04FA302A1}', '{994B45C4-E6E9-11D2-903F-00C04FA302A1}', '{5A869D0B-6611-11D3-BD2A-0000F80849BD}'
    .line 11,11 : 5,6 'AssemblyToProcess\\NotHandled.cs'
    IL_0000:  nop
    .line 12,12 : 9,37 ''
    IL_0001:  ldc.i4.0
    IL_0002:  newarr     Disposable
    IL_0007:  stloc.0
    IL_0008:  nop
    .line 13,13 : 5,6 ''
    IL_0009:  ret
  } // end of method NotHandled::UsingArray
} // end of class NotHandled