.class public auto ansi beforefieldinit SimpleCases
       extends [mscorlib]System.Object
{
  .method public hidebysig instance void 
          VariableReuse() cil managed
  {
    // Code size       71 (0x47)
    .maxstack  2
    .locals init ([0] class [mscorlib]System.IO.StreamWriter w)
    .language '{3F5162F8-07C6-11D3-9053-00C04FA302A1}', '{994B45C4-E6E9-11D2-903F-00C04FA302A1}', '{5A869D0B-6611-11D3-BD2A-0000F80849BD}'
    .line 21,21 : 9,44 'AssemblyToProcess\\SimpleCases.cs'
    IL_0000:  ldstr      "log.txt"
    IL_0005:  call       class [mscorlib]System.IO.StreamWriter [mscorlib]System.IO.File::CreateText(string)
    IL_000a:  stloc.0
    .line 22,22 : 9,53 ''
    .try
    {
      IL_000b:  ldloc.0
      IL_000c:  ldstr      "I'm a lumberjack an' I'm ok."
      IL_0011:  callvirt   instance void [mscorlib]System.IO.TextWriter::WriteLine(string)
      IL_0016:  leave.s    IL_0022
    }  // end .try
    finally
    {
      IL_0018:  ldloc.0
      IL_0019:  brfalse.s  IL_0021
      IL_001b:  ldloc.0
      IL_001c:  callvirt   instance void [mscorlib]System.IDisposable::Dispose()
      IL_0021:  endfinally
    }  // end handler
    IL_0022:  nop
    .line 23,23 : 9,41 ''
    IL_0023:  ldstr      "log2.txt"
    IL_0028:  call       class [mscorlib]System.IO.StreamWriter [mscorlib]System.IO.File::CreateText(string)
    IL_002d:  stloc.0
    .line 24,24 : 9,53 ''
    .try
    {
      IL_002e:  ldloc.0
      IL_002f:  ldstr      "I'm a lumberjack an' I'm ok."
      IL_0034:  callvirt   instance void [mscorlib]System.IO.TextWriter::WriteLine(string)
      IL_0039:  leave.s    IL_0045
    }  // end .try
    finally
    {
      IL_003b:  ldloc.0
      IL_003c:  brfalse.s  IL_0044
      IL_003e:  ldloc.0
      IL_003f:  callvirt   instance void [mscorlib]System.IDisposable::Dispose()
      IL_0044:  endfinally
    }  // end handler
    IL_0045:  nop
    .line 25,25 : 5,6 ''
    IL_0046:  ret
  } // end of method SimpleCases::VariableReuse
} // end of class SimpleCases