.class public auto ansi beforefieldinit SimpleCases
       extends [mscorlib]System.Object
{
  .method public hidebysig instance void 
          NestedUsings() cil managed
  {
    // Code size       73 (0x49)
    .maxstack  2
    .locals init ([0] class [mscorlib]System.IO.StreamWriter w,
             [1] class [mscorlib]System.IO.StreamWriter w2)
    .language '{3F5162F8-07C6-11D3-9053-00C04FA302A1}', '{994B45C4-E6E9-11D2-903F-00C04FA302A1}', '{5A869D0B-6611-11D3-BD2A-0000F80849BD}'
    .line 28,28 : 5,6 'AssemblyToProcess\\SimpleCases.cs'
    IL_0000:  nop
    .line 29,29 : 9,44 ''
    IL_0001:  ldstr      "log.txt"
    IL_0006:  call       class [mscorlib]System.IO.StreamWriter [mscorlib]System.IO.File::CreateText(string)
    IL_000b:  stloc.0
    .line 30,30 : 9,46 ''
    .try
    {
      IL_000c:  ldstr      "log2.txt"
      IL_0011:  call       class [mscorlib]System.IO.StreamWriter [mscorlib]System.IO.File::CreateText(string)
      IL_0016:  stloc.1
      .line 31,31 : 9,53 ''
      .try
      {
        IL_0017:  ldloc.0
        IL_0018:  ldstr      "I'm a lumberjack an' I'm ok."
        IL_001d:  callvirt   instance void [mscorlib]System.IO.TextWriter::WriteLine(string)
        IL_0022:  nop
        .line 32,32 : 9,56 ''
        IL_0023:  ldloc.1
        IL_0024:  ldstr      "He's a lumberjack an' He's ok."
        IL_0029:  callvirt   instance void [mscorlib]System.IO.TextWriter::WriteLine(string)
        IL_002e:  leave.s    IL_003a
      }  // end .try
      finally
      {
        IL_0030:  ldloc.1
        IL_0031:  brfalse.s  IL_0039
        IL_0033:  ldloc.1
        IL_0034:  callvirt   instance void [mscorlib]System.IDisposable::Dispose()
        IL_0039:  endfinally
      }  // end handler
      IL_003a:  leave.s    IL_0046
    }  // end .try
    finally
    {
      IL_003c:  ldloc.0
      IL_003d:  brfalse.s  IL_0045
      IL_003f:  ldloc.0
      IL_0040:  callvirt   instance void [mscorlib]System.IDisposable::Dispose()
      IL_0045:  endfinally
    }  // end handler
    IL_0046:  nop
    IL_0047:  nop
    .line 33,33 : 5,6 ''
    IL_0048:  ret
  } // end of method SimpleCases::NestedUsings
} // end of class SimpleCases