.class public auto ansi beforefieldinit SimpleCases
       extends [mscorlib]System.Object
{
  .method public hidebysig static void  NothingAfterAssignment() cil managed
  {
    // Code size       26 (0x1a)
    .maxstack  1
    .locals init ([0] class [mscorlib]System.IO.StreamWriter w)
    .language '{3F5162F8-07C6-11D3-9053-00C04FA302A1}', '{994B45C4-E6E9-11D2-903F-00C04FA302A1}', '{5A869D0B-6611-11D3-BD2A-0000F80849BD}'
    .line 44,44 : 5,6 'AssemblyToProcess\\SimpleCases.cs'
    IL_0000:  nop
    .line 45,45 : 9,44 ''
    IL_0001:  ldstr      "log.txt"
    IL_0006:  call       class [mscorlib]System.IO.StreamWriter [mscorlib]System.IO.File::CreateText(string)
    IL_000b:  stloc.0
    .try
    {
      IL_000c:  leave.s    IL_0018
    }  // end .try
    finally
    {
      IL_000e:  ldloc.0
      IL_000f:  brfalse.s  IL_0017
      IL_0011:  ldloc.0
      IL_0012:  callvirt   instance void [mscorlib]System.IDisposable::Dispose()
      IL_0017:  endfinally
    }  // end handler
    IL_0018:  nop
    .line 46,46 : 5,6 ''
    IL_0019:  ret
  } // end of method SimpleCases::NothingAfterAssignment
} // end of class SimpleCases