.class public auto ansi beforefieldinit SimpleCases
       extends [mscorlib]System.Object
{
  .method public hidebysig instance void 
          AlreadyUsing() cil managed
  {
    // Code size       35 (0x23)
    .maxstack  2
    .locals init ([0] class [mscorlib]System.IO.StreamWriter w)
    .language '{3F5162F8-07C6-11D3-9053-00C04FA302A1}', '{994B45C4-E6E9-11D2-903F-00C04FA302A1}', '{5A869D0B-6611-11D3-BD2A-0000F80849BD}'
    .line 13,13 : 16,50 'AssemblyToProcess\\SimpleCases.cs'
    IL_0000:  ldstr      "log.txt"
    IL_0005:  call       class [mscorlib]System.IO.StreamWriter [mscorlib]System.IO.File::CreateText(string)
    IL_000a:  stloc.0
    .line 15,15 : 13,57 ''
    .try
    {
      IL_000b:  ldloc.0
      IL_000c:  ldstr      "I'm a lumberjack an' I'm ok."
      IL_0011:  callvirt   instance void [mscorlib]System.IO.TextWriter::WriteLine(string)
      .line 16707566,16707566 : 0,0 ''
      IL_0016:  leave.s    IL_0022
    }  // end .try
    finally
    {
      IL_0018:  ldloc.0
      IL_0019:  brfalse.s  IL_0021
      IL_001b:  ldloc.0
      IL_001c:  callvirt   instance void [mscorlib]System.IDisposable::Dispose()
      IL_0021:  endfinally
      .line 17,17 : 5,6 ''
    }  // end handler
    IL_0022:  ret
  } // end of method SimpleCases::AlreadyUsing
} // end of class SimpleCases