.class public auto ansi beforefieldinit SimpleCases
       extends [mscorlib]System.Object
{
  .method public hidebysig instance void 
          SingleDisposable() cil managed
  {
    // Code size       38 (0x26)
    .maxstack  2
    .locals init ([0] class [mscorlib]System.IO.StreamWriter w)
    .language '{3F5162F8-07C6-11D3-9053-00C04FA302A1}', '{994B45C4-E6E9-11D2-903F-00C04FA302A1}', '{5A869D0B-6611-11D3-BD2A-0000F80849BD}'
    .line 6,6 : 5,6 'AssemblyToProcess\\SimpleCases.cs'
    IL_0000:  nop
    .line 7,7 : 9,44 ''
    IL_0001:  ldstr      "log.txt"
    IL_0006:  call       class [mscorlib]System.IO.StreamWriter [mscorlib]System.IO.File::CreateText(string)
    IL_000b:  stloc.0
    .line 8,8 : 9,53 ''
    .try
    {
      IL_000c:  ldloc.0
      IL_000d:  ldstr      "I'm a lumberjack an' I'm ok."
      IL_0012:  callvirt   instance void [mscorlib]System.IO.TextWriter::WriteLine(string)
      IL_0017:  leave.s    IL_0023
    }  // end .try
    finally
    {
      IL_0019:  ldloc.0
      IL_001a:  brfalse.s  IL_0022
      IL_001c:  ldloc.0
      IL_001d:  callvirt   instance void [mscorlib]System.IDisposable::Dispose()
      IL_0022:  endfinally
    }  // end handler
    IL_0023:  nop
    IL_0024:  nop
    .line 9,9 : 5,6 ''
    IL_0025:  ret
  } // end of method SimpleCases::SingleDisposable
} // end of class SimpleCases