.class public auto ansi beforefieldinit SimpleCases
       extends [mscorlib]System.Object
{
  .method public hidebysig static void  ThrowInsteadOfReturn() cil managed
  {
    // Code size       32 (0x20)
    .maxstack  1
    .locals init ([0] class [mscorlib]System.IO.StreamWriter w)
    .language '{3F5162F8-07C6-11D3-9053-00C04FA302A1}', '{994B45C4-E6E9-11D2-903F-00C04FA302A1}', '{5A869D0B-6611-11D3-BD2A-0000F80849BD}'
    .line 49,49 : 5,6 'AssemblyToProcess\\SimpleCases.cs'
    IL_0000:  nop
    .line 50,50 : 9,44 ''
    IL_0001:  ldstr      "log.txt"
    IL_0006:  call       class [mscorlib]System.IO.StreamWriter [mscorlib]System.IO.File::CreateText(string)
    IL_000b:  stloc.0
    .line 51,51 : 9,52 ''
    .try
    {
      IL_000c:  newobj     instance void [mscorlib]System.NotImplementedException::.ctor()
      IL_0011:  throw
      IL_0012:  leave.s    IL_001e
    }  // end .try
    finally
    {
      IL_0014:  ldloc.0
      IL_0015:  brfalse.s  IL_001d
      IL_0017:  ldloc.0
      IL_0018:  callvirt   instance void [mscorlib]System.IDisposable::Dispose()
      IL_001d:  endfinally
    }  // end handler
    IL_001e:  nop
    IL_001f:  ret
  } // end of method SimpleCases::ThrowInsteadOfReturn
} // end of class SimpleCases