.class public auto ansi beforefieldinit SimpleCases
       extends [mscorlib]System.Object
{
  .method public hidebysig instance void 
          GenericDisposable<([mscorlib]System.IO.StreamWriter) T>() cil managed
  {
    // Code size       60 (0x3c)
    .maxstack  2
    .locals init ([0] !!T w)
    .language '{3F5162F8-07C6-11D3-9053-00C04FA302A1}', '{994B45C4-E6E9-11D2-903F-00C04FA302A1}', '{5A869D0B-6611-11D3-BD2A-0000F80849BD}'
    .line 65,65 : 9,47 'AssemblyToProcess\\SimpleCases.cs'
    IL_0000:  ldstr      "log.txt"
    IL_0005:  call       class [mscorlib]System.IO.StreamWriter [mscorlib]System.IO.File::CreateText(string)
    IL_000a:  unbox.any  !!T
    IL_000f:  stloc.0
    .line 66,66 : 9,53 ''
    .try
    {
      IL_0010:  ldloca.s   w
      IL_0012:  ldstr      "I'm a lumberjack an' I'm ok."
      IL_0017:  constrained. !!T
      IL_001d:  callvirt   instance void [mscorlib]System.IO.TextWriter::WriteLine(string)
      IL_0022:  leave.s    IL_003a
    }  // end .try
    finally
    {
      IL_0024:  ldloc.0
      IL_0025:  box        !!T
      IL_002a:  brfalse.s  IL_0039
      IL_002c:  ldloca.s   w
      IL_002e:  constrained. !!T
      IL_0034:  callvirt   instance void [mscorlib]System.IDisposable::Dispose()
      IL_0039:  endfinally
    }  // end handler
    IL_003a:  nop
    .line 67,67 : 5,6 ''
    IL_003b:  ret
  } // end of method SimpleCases::GenericDisposable
} // end of class SimpleCases